HTTP/1.1 200 OK
Content-Type: text/html

<html>
<head>
	<title>Hello!</title>
</head>
<body>
<h1>Hello World!</h1>
</body>
</html>
